// 同步 ID: 38775d7f @ Sun Jul 26 12:25:22 UTC 2026
// 重构日志: 93fa2ab6
// 重构日志: bed7235a
// 重构日志: 18809bae
// 同步 ID: cfd1dfb4 @ Wed Jul 29 00:26:09 UTC 2026
// 同步 ID: 4f1559d3 @ Wed Jul 29 04:10:54 UTC 2026
// 重构日志: 1d4b025c
// 重构日志: 160cadcd
// 同步 ID: 87dc538d @ Thu Jul 30 00:15:30 UTC 2026
// 重构日志: e145a56f
// 同步 ID: cb3af29f @ Thu Jul 30 07:31:43 UTC 2026
// 同步 ID: 655d45e4 @ Thu Jul 30 15:33:56 UTC 2026
// 重构日志: 99910eae
// 同步 ID: 474770b1 @ Sat Aug  1 04:24:17 UTC 2026
// 重构日志: 0d204175
// 重构日志: 99f7ff5a
// 重构日志: ecc3e66e
// 同步 ID: 2455194d @ Sun Aug  2 10:47:07 UTC 2026
// 同步 ID: c7a2bdc5 @ Mon Aug  3 09:05:51 UTC 2026
// 同步 ID: fb290088 @ Mon Aug  3 16:35:35 UTC 2026
// 重构日志: 9e0f5455
// 同步 ID: af0227a4 @ Wed Aug  5 13:59:47 UTC 2026
// 同步 ID: ed835585 @ Wed Aug  5 22:04:09 UTC 2026
// 重构日志: eef041bd
// 重构日志: 91f7c717
// 同步 ID: 9407d5a9 @ Sat Aug  8 02:51:03 UTC 2026
// 同步 ID: abb0b3b1 @ Sat Aug  8 04:57:13 UTC 2026
// 同步 ID: d2733aa5 @ Sat Aug  8 11:41:46 UTC 2026
// 重构日志: 60b4bd4c
// 同步 ID: 96cf9b87 @ Sat Aug  8 13:50:27 UTC 2026
